MPLINK 4.49, Linker
Linker Map File - Created Tue May 23 00:59:38 2017

                                 Section Info
                  Section       Type    Address   Location Size(Bytes)
                ---------  ---------  ---------  ---------  ---------
                   .org_0       code   0x000000    program   0x000000
                   .org_1       code   0x000000    program   0x000002
                   .org_2       code   0x000004    program   0x000110
.config_2007_PROJETO_CUBALIBRE_(EXERCICIO1_V2       code   0x002007    program   0x000002



                              Program Memory Usage 
                               Start         End      
                           ---------   ---------      
                            0x000000    0x000000      
                            0x000004    0x00008b      
                            0x002007    0x002007      
            138 out of 8454 program addresses used, program memory utilization is 1%



                              Symbols - Sorted by Name
                     Name    Address   Location    Storage File                     
                ---------  ---------  ---------  --------- ---------                
               ACIONA_MAQ   0x00003b    program     static C:\Users\karlv\Dropbox\UFPE\2017.1\Micro\MICROCOMPUTADORES_17A\PROJETO_CUBALIBRE_(EXERCICIO1_V2 04-2017)\PROJETO_CUBALIBRE_(EXERCICIO1_V2 05-2017).asm
      AGUARDA_ACIONAMENTO   0x00007a    program     static C:\Users\karlv\Dropbox\UFPE\2017.1\Micro\MICROCOMPUTADORES_17A\PROJETO_CUBALIBRE_(EXERCICIO1_V2 04-2017)\PROJETO_CUBALIBRE_(EXERCICIO1_V2 05-2017).asm
                AGUARDA_S   0x000084    program     static C:\Users\karlv\Dropbox\UFPE\2017.1\Micro\MICROCOMPUTADORES_17A\PROJETO_CUBALIBRE_(EXERCICIO1_V2 04-2017)\PROJETO_CUBALIBRE_(EXERCICIO1_V2 05-2017).asm
             AGUARDA_TMR0   0x00004f    program     static C:\Users\karlv\Dropbox\UFPE\2017.1\Micro\MICROCOMPUTADORES_17A\PROJETO_CUBALIBRE_(EXERCICIO1_V2 04-2017)\PROJETO_CUBALIBRE_(EXERCICIO1_V2 05-2017).asm
                 DELAY_TA   0x000053    program     static C:\Users\karlv\Dropbox\UFPE\2017.1\Micro\MICROCOMPUTADORES_17A\PROJETO_CUBALIBRE_(EXERCICIO1_V2 04-2017)\PROJETO_CUBALIBRE_(EXERCICIO1_V2 05-2017).asm
                  DISPLAY   0x000056    program     static C:\Users\karlv\Dropbox\UFPE\2017.1\Micro\MICROCOMPUTADORES_17A\PROJETO_CUBALIBRE_(EXERCICIO1_V2 04-2017)\PROJETO_CUBALIBRE_(EXERCICIO1_V2 05-2017).asm
               INICIA_INT   0x00005b    program     static C:\Users\karlv\Dropbox\UFPE\2017.1\Micro\MICROCOMPUTADORES_17A\PROJETO_CUBALIBRE_(EXERCICIO1_V2 04-2017)\PROJETO_CUBALIBRE_(EXERCICIO1_V2 05-2017).asm
                   INICIO   0x000060    program     static C:\Users\karlv\Dropbox\UFPE\2017.1\Micro\MICROCOMPUTADORES_17A\PROJETO_CUBALIBRE_(EXERCICIO1_V2 04-2017)\PROJETO_CUBALIBRE_(EXERCICIO1_V2 05-2017).asm
                 INIC_VAR   0x00006e    program     static C:\Users\karlv\Dropbox\UFPE\2017.1\Micro\MICROCOMPUTADORES_17A\PROJETO_CUBALIBRE_(EXERCICIO1_V2 04-2017)\PROJETO_CUBALIBRE_(EXERCICIO1_V2 05-2017).asm
                    LIGAR   0x000076    program     static C:\Users\karlv\Dropbox\UFPE\2017.1\Micro\MICROCOMPUTADORES_17A\PROJETO_CUBALIBRE_(EXERCICIO1_V2 04-2017)\PROJETO_CUBALIBRE_(EXERCICIO1_V2 05-2017).asm
                MAIN_LOOP   0x000078    program     static C:\Users\karlv\Dropbox\UFPE\2017.1\Micro\MICROCOMPUTADORES_17A\PROJETO_CUBALIBRE_(EXERCICIO1_V2 04-2017)\PROJETO_CUBALIBRE_(EXERCICIO1_V2 05-2017).asm
                  SAI_INT   0x00002c    program     static C:\Users\karlv\Dropbox\UFPE\2017.1\Micro\MICROCOMPUTADORES_17A\PROJETO_CUBALIBRE_(EXERCICIO1_V2 04-2017)\PROJETO_CUBALIBRE_(EXERCICIO1_V2 05-2017).asm
           SALVA_CONTEXTO   0x000004    program     static C:\Users\karlv\Dropbox\UFPE\2017.1\Micro\MICROCOMPUTADORES_17A\PROJETO_CUBALIBRE_(EXERCICIO1_V2 04-2017)\PROJETO_CUBALIBRE_(EXERCICIO1_V2 05-2017).asm
        SINALIZA_CARREGAR   0x000032    program     static C:\Users\karlv\Dropbox\UFPE\2017.1\Micro\MICROCOMPUTADORES_17A\PROJETO_CUBALIBRE_(EXERCICIO1_V2 04-2017)\PROJETO_CUBALIBRE_(EXERCICIO1_V2 05-2017).asm
           TRATA_CARREGAR   0x000028    program     static C:\Users\karlv\Dropbox\UFPE\2017.1\Micro\MICROCOMPUTADORES_17A\PROJETO_CUBALIBRE_(EXERCICIO1_V2 04-2017)\PROJETO_CUBALIBRE_(EXERCICIO1_V2 05-2017).asm
              TRATA_PORTB   0x00001d    program     static C:\Users\karlv\Dropbox\UFPE\2017.1\Micro\MICROCOMPUTADORES_17A\PROJETO_CUBALIBRE_(EXERCICIO1_V2 04-2017)\PROJETO_CUBALIBRE_(EXERCICIO1_V2 05-2017).asm
           TRATA_PREPARAR   0x000015    program     static C:\Users\karlv\Dropbox\UFPE\2017.1\Micro\MICROCOMPUTADORES_17A\PROJETO_CUBALIBRE_(EXERCICIO1_V2 04-2017)\PROJETO_CUBALIBRE_(EXERCICIO1_V2 05-2017).asm
                  TRATA_S   0x000023    program     static C:\Users\karlv\Dropbox\UFPE\2017.1\Micro\MICROCOMPUTADORES_17A\PROJETO_CUBALIBRE_(EXERCICIO1_V2 04-2017)\PROJETO_CUBALIBRE_(EXERCICIO1_V2 05-2017).asm
               TRATA_TMR0   0x00000f    program     static C:\Users\karlv\Dropbox\UFPE\2017.1\Micro\MICROCOMPUTADORES_17A\PROJETO_CUBALIBRE_(EXERCICIO1_V2 04-2017)\PROJETO_CUBALIBRE_(EXERCICIO1_V2 05-2017).asm
           VERIFICA_FLAGS   0x000008    program     static C:\Users\karlv\Dropbox\UFPE\2017.1\Micro\MICROCOMPUTADORES_17A\PROJETO_CUBALIBRE_(EXERCICIO1_V2 04-2017)\PROJETO_CUBALIBRE_(EXERCICIO1_V2 05-2017).asm



                              Symbols - Sorted by Address
                     Name    Address   Location    Storage File                     
                ---------  ---------  ---------  --------- ---------                
           SALVA_CONTEXTO   0x000004    program     static C:\Users\karlv\Dropbox\UFPE\2017.1\Micro\MICROCOMPUTADORES_17A\PROJETO_CUBALIBRE_(EXERCICIO1_V2 04-2017)\PROJETO_CUBALIBRE_(EXERCICIO1_V2 05-2017).asm
           VERIFICA_FLAGS   0x000008    program     static C:\Users\karlv\Dropbox\UFPE\2017.1\Micro\MICROCOMPUTADORES_17A\PROJETO_CUBALIBRE_(EXERCICIO1_V2 04-2017)\PROJETO_CUBALIBRE_(EXERCICIO1_V2 05-2017).asm
               TRATA_TMR0   0x00000f    program     static C:\Users\karlv\Dropbox\UFPE\2017.1\Micro\MICROCOMPUTADORES_17A\PROJETO_CUBALIBRE_(EXERCICIO1_V2 04-2017)\PROJETO_CUBALIBRE_(EXERCICIO1_V2 05-2017).asm
           TRATA_PREPARAR   0x000015    program     static C:\Users\karlv\Dropbox\UFPE\2017.1\Micro\MICROCOMPUTADORES_17A\PROJETO_CUBALIBRE_(EXERCICIO1_V2 04-2017)\PROJETO_CUBALIBRE_(EXERCICIO1_V2 05-2017).asm
              TRATA_PORTB   0x00001d    program     static C:\Users\karlv\Dropbox\UFPE\2017.1\Micro\MICROCOMPUTADORES_17A\PROJETO_CUBALIBRE_(EXERCICIO1_V2 04-2017)\PROJETO_CUBALIBRE_(EXERCICIO1_V2 05-2017).asm
                  TRATA_S   0x000023    program     static C:\Users\karlv\Dropbox\UFPE\2017.1\Micro\MICROCOMPUTADORES_17A\PROJETO_CUBALIBRE_(EXERCICIO1_V2 04-2017)\PROJETO_CUBALIBRE_(EXERCICIO1_V2 05-2017).asm
           TRATA_CARREGAR   0x000028    program     static C:\Users\karlv\Dropbox\UFPE\2017.1\Micro\MICROCOMPUTADORES_17A\PROJETO_CUBALIBRE_(EXERCICIO1_V2 04-2017)\PROJETO_CUBALIBRE_(EXERCICIO1_V2 05-2017).asm
                  SAI_INT   0x00002c    program     static C:\Users\karlv\Dropbox\UFPE\2017.1\Micro\MICROCOMPUTADORES_17A\PROJETO_CUBALIBRE_(EXERCICIO1_V2 04-2017)\PROJETO_CUBALIBRE_(EXERCICIO1_V2 05-2017).asm
        SINALIZA_CARREGAR   0x000032    program     static C:\Users\karlv\Dropbox\UFPE\2017.1\Micro\MICROCOMPUTADORES_17A\PROJETO_CUBALIBRE_(EXERCICIO1_V2 04-2017)\PROJETO_CUBALIBRE_(EXERCICIO1_V2 05-2017).asm
               ACIONA_MAQ   0x00003b    program     static C:\Users\karlv\Dropbox\UFPE\2017.1\Micro\MICROCOMPUTADORES_17A\PROJETO_CUBALIBRE_(EXERCICIO1_V2 04-2017)\PROJETO_CUBALIBRE_(EXERCICIO1_V2 05-2017).asm
             AGUARDA_TMR0   0x00004f    program     static C:\Users\karlv\Dropbox\UFPE\2017.1\Micro\MICROCOMPUTADORES_17A\PROJETO_CUBALIBRE_(EXERCICIO1_V2 04-2017)\PROJETO_CUBALIBRE_(EXERCICIO1_V2 05-2017).asm
                 DELAY_TA   0x000053    program     static C:\Users\karlv\Dropbox\UFPE\2017.1\Micro\MICROCOMPUTADORES_17A\PROJETO_CUBALIBRE_(EXERCICIO1_V2 04-2017)\PROJETO_CUBALIBRE_(EXERCICIO1_V2 05-2017).asm
                  DISPLAY   0x000056    program     static C:\Users\karlv\Dropbox\UFPE\2017.1\Micro\MICROCOMPUTADORES_17A\PROJETO_CUBALIBRE_(EXERCICIO1_V2 04-2017)\PROJETO_CUBALIBRE_(EXERCICIO1_V2 05-2017).asm
               INICIA_INT   0x00005b    program     static C:\Users\karlv\Dropbox\UFPE\2017.1\Micro\MICROCOMPUTADORES_17A\PROJETO_CUBALIBRE_(EXERCICIO1_V2 04-2017)\PROJETO_CUBALIBRE_(EXERCICIO1_V2 05-2017).asm
                   INICIO   0x000060    program     static C:\Users\karlv\Dropbox\UFPE\2017.1\Micro\MICROCOMPUTADORES_17A\PROJETO_CUBALIBRE_(EXERCICIO1_V2 04-2017)\PROJETO_CUBALIBRE_(EXERCICIO1_V2 05-2017).asm
                 INIC_VAR   0x00006e    program     static C:\Users\karlv\Dropbox\UFPE\2017.1\Micro\MICROCOMPUTADORES_17A\PROJETO_CUBALIBRE_(EXERCICIO1_V2 04-2017)\PROJETO_CUBALIBRE_(EXERCICIO1_V2 05-2017).asm
                    LIGAR   0x000076    program     static C:\Users\karlv\Dropbox\UFPE\2017.1\Micro\MICROCOMPUTADORES_17A\PROJETO_CUBALIBRE_(EXERCICIO1_V2 04-2017)\PROJETO_CUBALIBRE_(EXERCICIO1_V2 05-2017).asm
                MAIN_LOOP   0x000078    program     static C:\Users\karlv\Dropbox\UFPE\2017.1\Micro\MICROCOMPUTADORES_17A\PROJETO_CUBALIBRE_(EXERCICIO1_V2 04-2017)\PROJETO_CUBALIBRE_(EXERCICIO1_V2 05-2017).asm
      AGUARDA_ACIONAMENTO   0x00007a    program     static C:\Users\karlv\Dropbox\UFPE\2017.1\Micro\MICROCOMPUTADORES_17A\PROJETO_CUBALIBRE_(EXERCICIO1_V2 04-2017)\PROJETO_CUBALIBRE_(EXERCICIO1_V2 05-2017).asm
                AGUARDA_S   0x000084    program     static C:\Users\karlv\Dropbox\UFPE\2017.1\Micro\MICROCOMPUTADORES_17A\PROJETO_CUBALIBRE_(EXERCICIO1_V2 04-2017)\PROJETO_CUBALIBRE_(EXERCICIO1_V2 05-2017).asm


